Using DATABASE_URL from environment
2026-09-04 12:54:10 INFO  [sqlalchemy.engine.Engine] select pg_catalog.version()
2026-09-04 12:54:10 INFO  [sqlalchemy.engine.Engine] select pg_catalog.version()
2026-09-04 12:54:10 INFO  [sqlalchemy.engine.Engine] [raw sql] {}
2026-09-04 12:54:10 INFO  [sqlalchemy.engine.Engine] [raw sql] {}
2026-09-04 12:54:10 DEBUG [sqlalchemy.engine.Engine] Col ('version',)
2026-09-04 12:54:10 DEBUG [sqlalchemy.engine.Engine] Col ('version',)
2026-09-04 12:54:10 DEBUG [sqlalchemy.engine.Engine] Row ('PostgreSQL 17.9 on x86_64-windows, compiled by msvc-19.44.35225, 64-bit',)
2026-09-04 12:54:10 DEBUG [sqlalchemy.engine.Engine] Row ('PostgreSQL 17.9 on x86_64-windows, compiled by msvc-19.44.35225, 64-bit',)
2026-09-04 12:54:10 INFO  [sqlalchemy.engine.Engine] select current_schema()
2026-09-04 12:54:10 INFO  [sqlalchemy.engine.Engine] select current_schema()
2026-09-04 12:54:10 INFO  [sqlalchemy.engine.Engine] [raw sql] {}
2026-09-04 12:54:10 INFO  [sqlalchemy.engine.Engine] [raw sql] {}
2026-09-04 12:54:10 DEBUG [sqlalchemy.engine.Engine] Col ('current_schema',)
2026-09-04 12:54:10 DEBUG [sqlalchemy.engine.Engine] Col ('current_schema',)
2026-09-04 12:54:10 DEBUG [sqlalchemy.engine.Engine] Row ('public',)
2026-09-04 12:54:10 DEBUG [sqlalchemy.engine.Engine] Row ('public',)
2026-09-04 12:54:10 INFO  [sqlalchemy.engine.Engine] show standard_conforming_strings
2026-09-04 12:54:10 INFO  [sqlalchemy.engine.Engine] show standard_conforming_strings
2026-09-04 12:54:10 INFO  [sqlalchemy.engine.Engine] [raw sql] {}
2026-09-04 12:54:10 INFO  [sqlalchemy.engine.Engine] [raw sql] {}
2026-09-04 12:54:10 DEBUG [sqlalchemy.engine.Engine] Col ('standard_conforming_strings',)
2026-09-04 12:54:10 DEBUG [sqlalchemy.engine.Engine] Col ('standard_conforming_strings',)
2026-09-04 12:54:10 DEBUG [sqlalchemy.engine.Engine] Row ('on',)
2026-09-04 12:54:10 DEBUG [sqlalchemy.engine.Engine] Row ('on',)
2026-09-04 12:54:10 INFO  [alembic.runtime.migration] Context impl PostgresqlImpl.
2026-09-04 12:54:10 INFO  [alembic.runtime.migration] Context impl PostgresqlImpl.
2026-09-04 12:54:10 INFO  [alembic.runtime.migration] Will assume transactional DDL.
2026-09-04 12:54:10 INFO  [alembic.runtime.migration] Will assume transactional DDL.
2026-09-04 12:54:10 INFO  [sqlalchemy.engine.Engine] BEGIN (implicit)
2026-09-04 12:54:10 INFO  [sqlalchemy.engine.Engine] BEGIN (implicit)
2026-09-04 12:54:10 INFO  [sqlalchemy.engine.Engine] SELECT pg_catalog.pg_class.relname 
FROM pg_catalog.pg_class JOIN pg_catalog.pg_namespace ON pg_catalog.pg_namespace.oid = pg_catalog.pg_class.relnamespace 
WHERE pg_catalog.pg_class.relname = %(table_name)s AND pg_catalog.pg_class.relkind = ANY (ARRAY[%(param_1)s, %(param_2)s, %(param_3)s, %(param_4)s, %(param_5)s]) AND pg_catalog.pg_table_is_visible(pg_catalog.pg_class.oid) AND pg_catalog.pg_namespace.nspname != %(nspname_1)s
2026-09-04 12:54:10 INFO  [sqlalchemy.engine.Engine] SELECT pg_catalog.pg_class.relname 
FROM pg_catalog.pg_class JOIN pg_catalog.pg_namespace ON pg_catalog.pg_namespace.oid = pg_catalog.pg_class.relnamespace 
WHERE pg_catalog.pg_class.relname = %(table_name)s AND pg_catalog.pg_class.relkind = ANY (ARRAY[%(param_1)s, %(param_2)s, %(param_3)s, %(param_4)s, %(param_5)s]) AND pg_catalog.pg_table_is_visible(pg_catalog.pg_class.oid) AND pg_catalog.pg_namespace.nspname != %(nspname_1)s
2026-09-04 12:54:10 INFO  [sqlalchemy.engine.Engine] [generated in 0.00014s] {'table_name': 'alembic_version', 'param_1': 'r', 'param_2': 'p', 'param_3': 'f', 'param_4': 'v', 'param_5': 'm', 'nspname_1': 'pg_catalog'}
2026-09-04 12:54:10 INFO  [sqlalchemy.engine.Engine] [generated in 0.00014s] {'table_name': 'alembic_version', 'param_1': 'r', 'param_2': 'p', 'param_3': 'f', 'param_4': 'v', 'param_5': 'm', 'nspname_1': 'pg_catalog'}
2026-09-04 12:54:10 DEBUG [sqlalchemy.engine.Engine] Col ('relname',)
2026-09-04 12:54:10 DEBUG [sqlalchemy.engine.Engine] Col ('relname',)
2026-09-04 12:54:10 DEBUG [sqlalchemy.engine.Engine] Row ('alembic_version',)
2026-09-04 12:54:10 DEBUG [sqlalchemy.engine.Engine] Row ('alembic_version',)
2026-09-04 12:54:10 INFO  [sqlalchemy.engine.Engine] SELECT alembic_version.version_num 
FROM alembic_version
2026-09-04 12:54:10 INFO  [sqlalchemy.engine.Engine] SELECT alembic_version.version_num 
FROM alembic_version
2026-09-04 12:54:10 INFO  [sqlalchemy.engine.Engine] [generated in 0.00009s] {}
2026-09-04 12:54:10 INFO  [sqlalchemy.engine.Engine] [generated in 0.00009s] {}
2026-09-04 12:54:10 DEBUG [sqlalchemy.engine.Engine] Col ('version_num',)
2026-09-04 12:54:10 DEBUG [sqlalchemy.engine.Engine] Col ('version_num',)
2026-09-04 12:54:10 DEBUG [sqlalchemy.engine.Engine] Row ('20260901_team_identity_ts',)
2026-09-04 12:54:10 DEBUG [sqlalchemy.engine.Engine] Row ('20260901_team_identity_ts',)
2026-09-04 12:54:10 INFO  [alembic.runtime.migration] Running upgrade 20260825_lineup_finalization -> 20260904_freeze_lineup_finalization_states, freeze lineup finalization lifecycle states
2026-09-04 12:54:10 INFO  [alembic.runtime.migration] Running upgrade 20260825_lineup_finalization -> 20260904_freeze_lineup_finalization_states, freeze lineup finalization lifecycle states
2026-09-04 12:54:10 INFO  [sqlalchemy.engine.Engine] ALTER TABLE alembic_version ALTER COLUMN version_num TYPE VARCHAR(64) 
2026-09-04 12:54:10 INFO  [sqlalchemy.engine.Engine] ALTER TABLE alembic_version ALTER COLUMN version_num TYPE VARCHAR(64) 
2026-09-04 12:54:10 INFO  [sqlalchemy.engine.Engine] [no key 0.00009s] {}
2026-09-04 12:54:10 INFO  [sqlalchemy.engine.Engine] [no key 0.00009s] {}
2026-09-04 12:54:10 INFO  [sqlalchemy.engine.Engine] ALTER TABLE match_lineup_finalization ADD COLUMN failure_diagnostics JSON
2026-09-04 12:54:10 INFO  [sqlalchemy.engine.Engine] ALTER TABLE match_lineup_finalization ADD COLUMN failure_diagnostics JSON
2026-09-04 12:54:10 INFO  [sqlalchemy.engine.Engine] [no key 0.00014s] {}
2026-09-04 12:54:10 INFO  [sqlalchemy.engine.Engine] [no key 0.00014s] {}
2026-09-04 12:54:10 INFO  [sqlalchemy.engine.Engine] ALTER TABLE match_lineup_finalization DROP CONSTRAINT ck_match_lineup_finalization_failure_category
2026-09-04 12:54:10 INFO  [sqlalchemy.engine.Engine] ALTER TABLE match_lineup_finalization DROP CONSTRAINT ck_match_lineup_finalization_failure_category
2026-09-04 12:54:10 INFO  [sqlalchemy.engine.Engine] [no key 0.00010s] {}
2026-09-04 12:54:10 INFO  [sqlalchemy.engine.Engine] [no key 0.00010s] {}
2026-09-04 12:54:10 INFO  [sqlalchemy.engine.Engine] ALTER TABLE match_lineup_finalization ADD CONSTRAINT ck_match_lineup_finalization_failure_category CHECK (failure_category IS NULL OR failure_category IN ('PROVIDER_FAILURE', 'INVALID_RESPONSE', 'MASTER_RESOLUTION_FAILURE', 'ANALYTICS_FAILURE', 'DB_FAILURE', 'FLUSH_FAILURE', 'COMMIT_FAILURE', 'LOCK_CONFLICT', 'SYNC_UNAVAILABLE', 'IDENTITY_BOUNDARY_VIOLATION', 'MAX_RETRY_ATTEMPTS_EXCEEDED'))
2026-09-04 12:54:10 INFO  [sqlalchemy.engine.Engine] ALTER TABLE match_lineup_finalization ADD CONSTRAINT ck_match_lineup_finalization_failure_category CHECK (failure_category IS NULL OR failure_category IN ('PROVIDER_FAILURE', 'INVALID_RESPONSE', 'MASTER_RESOLUTION_FAILURE', 'ANALYTICS_FAILURE', 'DB_FAILURE', 'FLUSH_FAILURE', 'COMMIT_FAILURE', 'LOCK_CONFLICT', 'SYNC_UNAVAILABLE', 'IDENTITY_BOUNDARY_VIOLATION', 'MAX_RETRY_ATTEMPTS_EXCEEDED'))
2026-09-04 12:54:10 INFO  [sqlalchemy.engine.Engine] [no key 0.00010s] {}
2026-09-04 12:54:10 INFO  [sqlalchemy.engine.Engine] [no key 0.00010s] {}
2026-09-04 12:54:10 INFO  [sqlalchemy.engine.Engine] ALTER TABLE match_lineup_finalization DROP CONSTRAINT ck_match_lineup_finalization_status
2026-09-04 12:54:10 INFO  [sqlalchemy.engine.Engine] ALTER TABLE match_lineup_finalization DROP CONSTRAINT ck_match_lineup_finalization_status
2026-09-04 12:54:10 INFO  [sqlalchemy.engine.Engine] [no key 0.00009s] {}
2026-09-04 12:54:10 INFO  [sqlalchemy.engine.Engine] [no key 0.00009s] {}
2026-09-04 12:54:10 INFO  [sqlalchemy.engine.Engine] ALTER TABLE match_lineup_finalization ADD CONSTRAINT ck_match_lineup_finalization_status CHECK (status IN ('REQUIRED', 'RUNNING', 'RETRYABLE', 'TERMINAL', 'SUCCESS'))
2026-09-04 12:54:10 INFO  [sqlalchemy.engine.Engine] ALTER TABLE match_lineup_finalization ADD CONSTRAINT ck_match_lineup_finalization_status CHECK (status IN ('REQUIRED', 'RUNNING', 'RETRYABLE', 'TERMINAL', 'SUCCESS'))
2026-09-04 12:54:10 INFO  [sqlalchemy.engine.Engine] [no key 0.00007s] {}
2026-09-04 12:54:10 INFO  [sqlalchemy.engine.Engine] [no key 0.00007s] {}
2026-09-04 12:54:10 INFO  [sqlalchemy.engine.Engine] ALTER TABLE match_lineup_finalization DROP CONSTRAINT ck_match_lineup_finalization_retryable_failure
2026-09-04 12:54:10 INFO  [sqlalchemy.engine.Engine] ALTER TABLE match_lineup_finalization DROP CONSTRAINT ck_match_lineup_finalization_retryable_failure
2026-09-04 12:54:10 INFO  [sqlalchemy.engine.Engine] [no key 0.00008s] {}
2026-09-04 12:54:10 INFO  [sqlalchemy.engine.Engine] [no key 0.00008s] {}
2026-09-04 12:54:10 INFO  [sqlalchemy.engine.Engine] ALTER TABLE match_lineup_finalization ADD CONSTRAINT ck_match_lineup_finalization_retryable_failure CHECK (status NOT IN ('RETRYABLE', 'TERMINAL') OR failure_category IS NOT NULL)
2026-09-04 12:54:10 INFO  [sqlalchemy.engine.Engine] ALTER TABLE match_lineup_finalization ADD CONSTRAINT ck_match_lineup_finalization_retryable_failure CHECK (status NOT IN ('RETRYABLE', 'TERMINAL') OR failure_category IS NOT NULL)
2026-09-04 12:54:10 INFO  [sqlalchemy.engine.Engine] [no key 0.00012s] {}
2026-09-04 12:54:10 INFO  [sqlalchemy.engine.Engine] [no key 0.00012s] {}
2026-09-04 12:54:10 INFO  [sqlalchemy.engine.Engine] ALTER TABLE match_lineup_finalization DROP CONSTRAINT ck_match_lineup_finalization_state
2026-09-04 12:54:10 INFO  [sqlalchemy.engine.Engine] ALTER TABLE match_lineup_finalization DROP CONSTRAINT ck_match_lineup_finalization_state
2026-09-04 12:54:10 INFO  [sqlalchemy.engine.Engine] [no key 0.00008s] {}
2026-09-04 12:54:10 INFO  [sqlalchemy.engine.Engine] [no key 0.00008s] {}
2026-09-04 12:54:10 INFO  [sqlalchemy.engine.Engine] ALTER TABLE match_lineup_finalization ADD CONSTRAINT ck_match_lineup_finalization_state CHECK ((status = 'SUCCESS' AND completed_at IS NOT NULL AND failure_category IS NULL AND failure_reason IS NULL) OR (status IN ('REQUIRED', 'RUNNING', 'RETRYABLE', 'TERMINAL') AND completed_at IS NULL))
2026-09-04 12:54:10 INFO  [sqlalchemy.engine.Engine] ALTER TABLE match_lineup_finalization ADD CONSTRAINT ck_match_lineup_finalization_state CHECK ((status = 'SUCCESS' AND completed_at IS NOT NULL AND failure_category IS NULL AND failure_reason IS NULL) OR (status IN ('REQUIRED', 'RUNNING', 'RETRYABLE', 'TERMINAL') AND completed_at IS NULL))
2026-09-04 12:54:10 INFO  [sqlalchemy.engine.Engine] [no key 0.00007s] {}
2026-09-04 12:54:10 INFO  [sqlalchemy.engine.Engine] [no key 0.00007s] {}
2026-09-04 12:54:10 INFO  [sqlalchemy.engine.Engine] INSERT INTO alembic_version (version_num) VALUES ('20260904_freeze_lineup_finalization_states') RETURNING alembic_version.version_num
2026-09-04 12:54:10 INFO  [sqlalchemy.engine.Engine] INSERT INTO alembic_version (version_num) VALUES ('20260904_freeze_lineup_finalization_states') RETURNING alembic_version.version_num
2026-09-04 12:54:10 INFO  [sqlalchemy.engine.Engine] [generated in 0.00014s] {}
2026-09-04 12:54:10 INFO  [sqlalchemy.engine.Engine] [generated in 0.00014s] {}
2026-09-04 12:54:10 DEBUG [sqlalchemy.engine.Engine] Col ('version_num',)
2026-09-04 12:54:10 DEBUG [sqlalchemy.engine.Engine] Col ('version_num',)
2026-09-04 12:54:10 DEBUG [sqlalchemy.engine.Engine] Row ('20260904_freeze_lineup_finalization_states',)
2026-09-04 12:54:10 DEBUG [sqlalchemy.engine.Engine] Row ('20260904_freeze_lineup_finalization_states',)
2026-09-04 12:54:10 INFO  [alembic.runtime.migration] Running upgrade 20260901_team_identity_ts, 20260904_freeze_lineup_finalization_states -> 20260904_merge_team_lineup_heads, merge team identity and lineup finalization heads
2026-09-04 12:54:10 INFO  [alembic.runtime.migration] Running upgrade 20260901_team_identity_ts, 20260904_freeze_lineup_finalization_states -> 20260904_merge_team_lineup_heads, merge team identity and lineup finalization heads
2026-09-04 12:54:10 INFO  [sqlalchemy.engine.Engine] DELETE FROM alembic_version WHERE alembic_version.version_num = '20260901_team_identity_ts'
2026-09-04 12:54:10 INFO  [sqlalchemy.engine.Engine] DELETE FROM alembic_version WHERE alembic_version.version_num = '20260901_team_identity_ts'
2026-09-04 12:54:10 INFO  [sqlalchemy.engine.Engine] [generated in 0.00008s] {}
2026-09-04 12:54:10 INFO  [sqlalchemy.engine.Engine] [generated in 0.00008s] {}
2026-09-04 12:54:10 INFO  [sqlalchemy.engine.Engine] UPDATE alembic_version SET version_num='20260904_merge_team_lineup_heads' WHERE alembic_version.version_num = '20260904_freeze_lineup_finalization_states'
2026-09-04 12:54:10 INFO  [sqlalchemy.engine.Engine] UPDATE alembic_version SET version_num='20260904_merge_team_lineup_heads' WHERE alembic_version.version_num = '20260904_freeze_lineup_finalization_states'
2026-09-04 12:54:10 INFO  [sqlalchemy.engine.Engine] [generated in 0.00009s] {}
2026-09-04 12:54:10 INFO  [sqlalchemy.engine.Engine] [generated in 0.00009s] {}
2026-09-04 12:54:10 INFO  [sqlalchemy.engine.Engine] COMMIT
2026-09-04 12:54:10 INFO  [sqlalchemy.engine.Engine] COMMIT
