Using DATABASE_URL from environment
2026-09-04 12:38:48 INFO  [sqlalchemy.engine.Engine] select pg_catalog.version()
2026-09-04 12:38:48 INFO  [sqlalchemy.engine.Engine] select pg_catalog.version()
2026-09-04 12:38:48 INFO  [sqlalchemy.engine.Engine] [raw sql] {}
2026-09-04 12:38:48 INFO  [sqlalchemy.engine.Engine] [raw sql] {}
2026-09-04 12:38:48 DEBUG [sqlalchemy.engine.Engine] Col ('version',)
2026-09-04 12:38:48 DEBUG [sqlalchemy.engine.Engine] Col ('version',)
2026-09-04 12:38:48 DEBUG [sqlalchemy.engine.Engine] Row ('PostgreSQL 17.9 on x86_64-windows, compiled by msvc-19.44.35225, 64-bit',)
2026-09-04 12:38:48 DEBUG [sqlalchemy.engine.Engine] Row ('PostgreSQL 17.9 on x86_64-windows, compiled by msvc-19.44.35225, 64-bit',)
2026-09-04 12:38:48 INFO  [sqlalchemy.engine.Engine] select current_schema()
2026-09-04 12:38:48 INFO  [sqlalchemy.engine.Engine] select current_schema()
2026-09-04 12:38:48 INFO  [sqlalchemy.engine.Engine] [raw sql] {}
2026-09-04 12:38:48 INFO  [sqlalchemy.engine.Engine] [raw sql] {}
2026-09-04 12:38:48 DEBUG [sqlalchemy.engine.Engine] Col ('current_schema',)
2026-09-04 12:38:48 DEBUG [sqlalchemy.engine.Engine] Col ('current_schema',)
2026-09-04 12:38:48 DEBUG [sqlalchemy.engine.Engine] Row ('public',)
2026-09-04 12:38:48 DEBUG [sqlalchemy.engine.Engine] Row ('public',)
2026-09-04 12:38:48 INFO  [sqlalchemy.engine.Engine] show standard_conforming_strings
2026-09-04 12:38:48 INFO  [sqlalchemy.engine.Engine] show standard_conforming_strings
2026-09-04 12:38:48 INFO  [sqlalchemy.engine.Engine] [raw sql] {}
2026-09-04 12:38:48 INFO  [sqlalchemy.engine.Engine] [raw sql] {}
2026-09-04 12:38:48 DEBUG [sqlalchemy.engine.Engine] Col ('standard_conforming_strings',)
2026-09-04 12:38:48 DEBUG [sqlalchemy.engine.Engine] Col ('standard_conforming_strings',)
2026-09-04 12:38:48 DEBUG [sqlalchemy.engine.Engine] Row ('on',)
2026-09-04 12:38:48 DEBUG [sqlalchemy.engine.Engine] Row ('on',)
2026-09-04 12:38:48 INFO  [alembic.runtime.migration] Context impl PostgresqlImpl.
2026-09-04 12:38:48 INFO  [alembic.runtime.migration] Context impl PostgresqlImpl.
2026-09-04 12:38:48 INFO  [alembic.runtime.migration] Will assume transactional DDL.
2026-09-04 12:38:48 INFO  [alembic.runtime.migration] Will assume transactional DDL.
2026-09-04 12:38:48 INFO  [sqlalchemy.engine.Engine] BEGIN (implicit)
2026-09-04 12:38:48 INFO  [sqlalchemy.engine.Engine] BEGIN (implicit)
2026-09-04 12:38:48 INFO  [sqlalchemy.engine.Engine] SELECT pg_catalog.pg_class.relname 
FROM pg_catalog.pg_class JOIN pg_catalog.pg_namespace ON pg_catalog.pg_namespace.oid = pg_catalog.pg_class.relnamespace 
WHERE pg_catalog.pg_class.relname = %(table_name)s AND pg_catalog.pg_class.relkind = ANY (ARRAY[%(param_1)s, %(param_2)s, %(param_3)s, %(param_4)s, %(param_5)s]) AND pg_catalog.pg_table_is_visible(pg_catalog.pg_class.oid) AND pg_catalog.pg_namespace.nspname != %(nspname_1)s
2026-09-04 12:38:48 INFO  [sqlalchemy.engine.Engine] SELECT pg_catalog.pg_class.relname 
FROM pg_catalog.pg_class JOIN pg_catalog.pg_namespace ON pg_catalog.pg_namespace.oid = pg_catalog.pg_class.relnamespace 
WHERE pg_catalog.pg_class.relname = %(table_name)s AND pg_catalog.pg_class.relkind = ANY (ARRAY[%(param_1)s, %(param_2)s, %(param_3)s, %(param_4)s, %(param_5)s]) AND pg_catalog.pg_table_is_visible(pg_catalog.pg_class.oid) AND pg_catalog.pg_namespace.nspname != %(nspname_1)s
2026-09-04 12:38:48 INFO  [sqlalchemy.engine.Engine] [generated in 0.00017s] {'table_name': 'alembic_version', 'param_1': 'r', 'param_2': 'p', 'param_3': 'f', 'param_4': 'v', 'param_5': 'm', 'nspname_1': 'pg_catalog'}
2026-09-04 12:38:48 INFO  [sqlalchemy.engine.Engine] [generated in 0.00017s] {'table_name': 'alembic_version', 'param_1': 'r', 'param_2': 'p', 'param_3': 'f', 'param_4': 'v', 'param_5': 'm', 'nspname_1': 'pg_catalog'}
2026-09-04 12:38:48 DEBUG [sqlalchemy.engine.Engine] Col ('relname',)
2026-09-04 12:38:48 DEBUG [sqlalchemy.engine.Engine] Col ('relname',)
2026-09-04 12:38:48 DEBUG [sqlalchemy.engine.Engine] Row ('alembic_version',)
2026-09-04 12:38:48 DEBUG [sqlalchemy.engine.Engine] Row ('alembic_version',)
2026-09-04 12:38:48 INFO  [sqlalchemy.engine.Engine] SELECT alembic_version.version_num 
FROM alembic_version
2026-09-04 12:38:48 INFO  [sqlalchemy.engine.Engine] SELECT alembic_version.version_num 
FROM alembic_version
2026-09-04 12:38:48 INFO  [sqlalchemy.engine.Engine] [generated in 0.00009s] {}
2026-09-04 12:38:48 INFO  [sqlalchemy.engine.Engine] [generated in 0.00009s] {}
2026-09-04 12:38:48 DEBUG [sqlalchemy.engine.Engine] Col ('version_num',)
2026-09-04 12:38:48 DEBUG [sqlalchemy.engine.Engine] Col ('version_num',)
2026-09-04 12:38:48 DEBUG [sqlalchemy.engine.Engine] Row ('20260904_merge_team_lineup_heads',)
2026-09-04 12:38:48 DEBUG [sqlalchemy.engine.Engine] Row ('20260904_merge_team_lineup_heads',)
2026-09-04 12:38:48 INFO  [sqlalchemy.engine.Engine] COMMIT
2026-09-04 12:38:48 INFO  [sqlalchemy.engine.Engine] COMMIT
